// Jest Snapshot v1, https://goo.gl/fbAQLP

exports[`LoginForm Component renders correctly 1`] = `
ShallowWrapper {
  "complexSelector": ComplexSelector {
    "buildPredicate": [Function],
    "childrenOfNode": [Function],
    "findWhereUnwrapped": [Function],
  },
  "length": 1,
  "node": <Styled(Container)
    style={
        Object {
            "alignSelf": "stretch",
          }
    }
    virtual={undefined}
>
    <Styled(Content)
        contentContainerStyle={
            Object {
                "flex": 1,
                "justifyContent": "center",
                "marginBottom": 200,
              }
        }
        virtual={undefined}
    >
        <Styled(Form)
            virtual={undefined}
        >
            <Field
                component={[Function]}
                name="username"
                placeholder="Имя"
                style={
                    Object {
                        "textAlign": "center",
                      }
                }
            />
            <Field
                component={[Function]}
                name="password"
                placeholder="Пароль"
                style={
                    Object {
                        "textAlign": "center",
                      }
                }
            />
            <TouchableOpacity
                activeOpacity={0.2}
                onPress={[Function]}
                style={
                    Object {
                        "alignItems": "center",
                      }
                }
            >
                <Text
                    accessible={true}
                    allowFontScaling={true}
                    disabled={false}
                    ellipsizeMode="tail"
                    style={
                        Object {
                            "alignSelf": "stretch",
                            "backgroundColor": "red",
                            "color": "white",
                            "height": 40,
                            "lineHeight": 28,
                            "textAlign": "center",
                          }
                    }
                >
                    Войти
                </Text>
            </TouchableOpacity>
        </Styled(Form)>
        <ModalWaitBar />
    </Styled(Content)>
</Styled(Container)>,
  "nodes": Array [
    <Styled(Container)
      style={
            Object {
                  "alignSelf": "stretch",
                }
      }
      virtual={undefined}
>
      <Styled(Content)
            contentContainerStyle={
                  Object {
                        "flex": 1,
                        "justifyContent": "center",
                        "marginBottom": 200,
                      }
            }
            virtual={undefined}
      >
            <Styled(Form)
                  virtual={undefined}
            >
                  <Field
                        component={[Function]}
                        name="username"
                        placeholder="Имя"
                        style={
                              Object {
                                    "textAlign": "center",
                                  }
                        }
                  />
                  <Field
                        component={[Function]}
                        name="password"
                        placeholder="Пароль"
                        style={
                              Object {
                                    "textAlign": "center",
                                  }
                        }
                  />
                  <TouchableOpacity
                        activeOpacity={0.2}
                        onPress={[Function]}
                        style={
                              Object {
                                    "alignItems": "center",
                                  }
                        }
                  >
                        <Text
                              accessible={true}
                              allowFontScaling={true}
                              disabled={false}
                              ellipsizeMode="tail"
                              style={
                                    Object {
                                          "alignSelf": "stretch",
                                          "backgroundColor": "red",
                                          "color": "white",
                                          "height": 40,
                                          "lineHeight": 28,
                                          "textAlign": "center",
                                        }
                              }
                        >
                              Войти
                        </Text>
                  </TouchableOpacity>
            </Styled(Form)>
            <ModalWaitBar />
      </Styled(Content)>
</Styled(Container)>,
  ],
  "options": Object {},
  "renderer": ReactShallowRenderer {
    "_context": Object {},
    "_element": <LoginForm
      onSubmit={[Function]}
/>,
    "_instance": LoginForm {
      "context": Object {},
      "getClass": [Function],
      "props": Object {
        "onSubmit": [Function],
      },
      "refs": Object {},
      "state": Object {},
      "updater": Updater {
        "_renderer": [Circular],
      },
    },
    "_newState": null,
    "_rendered": <Styled(Container)
      style={
            Object {
                  "alignSelf": "stretch",
                }
      }
      virtual={undefined}
>
      <Styled(Content)
            contentContainerStyle={
                  Object {
                        "flex": 1,
                        "justifyContent": "center",
                        "marginBottom": 200,
                      }
            }
            virtual={undefined}
      >
            <Styled(Form)
                  virtual={undefined}
            >
                  <Field
                        component={[Function]}
                        name="username"
                        placeholder="Имя"
                        style={
                              Object {
                                    "textAlign": "center",
                                  }
                        }
                  />
                  <Field
                        component={[Function]}
                        name="password"
                        placeholder="Пароль"
                        style={
                              Object {
                                    "textAlign": "center",
                                  }
                        }
                  />
                  <TouchableOpacity
                        activeOpacity={0.2}
                        onPress={[Function]}
                        style={
                              Object {
                                    "alignItems": "center",
                                  }
                        }
                  >
                        <Text
                              accessible={true}
                              allowFontScaling={true}
                              disabled={false}
                              ellipsizeMode="tail"
                              style={
                                    Object {
                                          "alignSelf": "stretch",
                                          "backgroundColor": "red",
                                          "color": "white",
                                          "height": 40,
                                          "lineHeight": 28,
                                          "textAlign": "center",
                                        }
                              }
                        >
                              Войти
                        </Text>
                  </TouchableOpacity>
            </Styled(Form)>
            <ModalWaitBar />
      </Styled(Content)>
</Styled(Container)>,
    "_rendering": false,
    "_updater": Updater {
      "_renderer": [Circular],
    },
    "getRenderOutput": [Function],
    "render": [Function],
  },
  "root": [Circular],
  "unrendered": <LoginForm
    onSubmit={[Function]}
/>,
}
`;
